<?xml version="1.0" encoding="UTF-8" ?>
<testsuites name="vitest tests" tests="36" failures="0" errors="0" time="6.2489715">
    <testsuite name="src/shared/utils/paths.test.ts" timestamp="2026-02-23T14:47:18.293Z" hostname="Cappuccino" tests="2" failures="0" errors="0" skipped="0" time="0.014639">
        <testcase classname="src/shared/utils/paths.test.ts" name="getAssetPath &gt; uses window.getAssetPath when available" time="0.0067753">
        </testcase>
        <testcase classname="src/shared/utils/paths.test.ts" name="getAssetPath &gt; falls back to assets path when window helper missing" time="0.0005357">
        </testcase>
    </testsuite>
    <testsuite name="src/shared/utils/time.test.ts" timestamp="2026-02-23T14:47:18.295Z" hostname="Cappuccino" tests="2" failures="0" errors="0" skipped="0" time="0.0373712">
        <testcase classname="src/shared/utils/time.test.ts" name="time formatters &gt; returns empty string for invalid values" time="0.0016712">
        </testcase>
        <testcase classname="src/shared/utils/time.test.ts" name="time formatters &gt; formats valid dates" time="0.028211">
        </testcase>
    </testsuite>
    <testsuite name="src/features/about/__tests__/UpdateChecker.test.tsx" timestamp="2026-02-23T14:47:18.296Z" hostname="Cappuccino" tests="13" failures="0" errors="0" skipped="0" time="1.854045">
        <testcase classname="src/features/about/__tests__/UpdateChecker.test.tsx" name="UpdateChecker &gt; renders current version and check button (non-portable)" time="0.4216309">
        </testcase>
        <testcase classname="src/features/about/__tests__/UpdateChecker.test.tsx" name="UpdateChecker &gt; hides check button and shows portable message (portable)" time="0.0862169">
        </testcase>
        <testcase classname="src/features/about/__tests__/UpdateChecker.test.tsx" name="UpdateChecker &gt; shows checking status when checking for updates" time="0.1222704">
        </testcase>
        <testcase classname="src/features/about/__tests__/UpdateChecker.test.tsx" name="UpdateChecker &gt; shows not-available status when up to date" time="0.1383222">
        </testcase>
        <testcase classname="src/features/about/__tests__/UpdateChecker.test.tsx" name="UpdateChecker &gt; shows available status with download button when update available" time="0.1372748">
        </testcase>
        <testcase classname="src/features/about/__tests__/UpdateChecker.test.tsx" name="UpdateChecker &gt; calls downloadUpdate when download button clicked" time="0.1752378">
        </testcase>
        <testcase classname="src/features/about/__tests__/UpdateChecker.test.tsx" name="UpdateChecker &gt; shows error status when check fails" time="0.1159696">
        </testcase>
        <testcase classname="src/features/about/__tests__/UpdateChecker.test.tsx" name="UpdateChecker &gt; shows install button when update downloaded" time="0.1224375">
        </testcase>
        <testcase classname="src/features/about/__tests__/UpdateChecker.test.tsx" name="UpdateChecker &gt; calls installUpdate when install button clicked" time="0.1657285">
        </testcase>
        <testcase classname="src/features/about/__tests__/UpdateChecker.test.tsx" name="UpdateChecker &gt; shows warning and hides install button when active jobs exist" time="0.0944359">
        </testcase>
        <testcase classname="src/features/about/__tests__/UpdateChecker.test.tsx" name="UpdateChecker &gt; shows warning when paused jobs exist" time="0.1553438">
        </testcase>
        <testcase classname="src/features/about/__tests__/UpdateChecker.test.tsx" name="UpdateChecker &gt; allows install when all jobs are completed" time="0.0926827">
        </testcase>
        <testcase classname="src/features/about/__tests__/UpdateChecker.test.tsx" name="UpdateChecker &gt; hides check button when running in portable mode" time="0.0204693">
        </testcase>
    </testsuite>
    <testsuite name="src/shared/services/rpc/baseUrl.test.ts" timestamp="2026-02-23T14:47:18.299Z" hostname="Cappuccino" tests="6" failures="0" errors="0" skipped="0" time="0.0086648">
        <testcase classname="src/shared/services/rpc/baseUrl.test.ts" name="normalizeBaseUrl &gt; normalizes empty inputs" time="0.0010998">
        </testcase>
        <testcase classname="src/shared/services/rpc/baseUrl.test.ts" name="normalizeBaseUrl &gt; adds scheme and normalizes localhost" time="0.0003088">
        </testcase>
        <testcase classname="src/shared/services/rpc/baseUrl.test.ts" name="normalizeBaseUrl &gt; keeps scheme and removes trailing slash" time="0.0002081">
        </testcase>
        <testcase classname="src/shared/services/rpc/baseUrl.test.ts" name="getBackendBaseUrl &gt; returns default when no stored urls exist" time="0.0011826">
        </testcase>
        <testcase classname="src/shared/services/rpc/baseUrl.test.ts" name="getBackendBaseUrl &gt; promotes pending url when allowed" time="0.0003106">
        </testcase>
        <testcase classname="src/shared/services/rpc/baseUrl.test.ts" name="getBackendBaseUrl &gt; keeps pending url when session defers promotion" time="0.0004543">
        </testcase>
    </testsuite>
    <testsuite name="src/features/create-task/__tests__/CreateTaskMenu.test.tsx" timestamp="2026-02-23T14:47:18.301Z" hostname="Cappuccino" tests="2" failures="0" errors="0" skipped="0" time="2.3981792">
        <testcase classname="src/features/create-task/__tests__/CreateTaskMenu.test.tsx" name="CreateTaskMenu &gt; renders correctly and handles file selection" time="1.5641688">
        </testcase>
        <testcase classname="src/features/create-task/__tests__/CreateTaskMenu.test.tsx" name="CreateTaskMenu &gt; validates inputs before starting" time="0.8277723">
        </testcase>
    </testsuite>
    <testsuite name="src/features/process/__tests__/ProcessMenu.test.tsx" timestamp="2026-02-23T14:47:18.302Z" hostname="Cappuccino" tests="1" failures="0" errors="0" skipped="0" time="0.8527422">
        <testcase classname="src/features/process/__tests__/ProcessMenu.test.tsx" name="ProcessMenu &gt; groups logs by row and shows per-sheet stop action" time="0.8447497">
        </testcase>
    </testsuite>
    <testsuite name="src/features/results/__tests__/ResultMenu.test.tsx" timestamp="2026-02-23T14:47:18.302Z" hostname="Cappuccino" tests="2" failures="0" errors="0" skipped="0" time="1.0611389">
        <testcase classname="src/features/results/__tests__/ResultMenu.test.tsx" name="ResultMenu &gt; shows row groups and sheet actions" time="0.7761341">
        </testcase>
        <testcase classname="src/features/results/__tests__/ResultMenu.test.tsx" name="ResultMenu &gt; confirms before clearing all and removing groups" time="0.27861">
        </testcase>
    </testsuite>
    <testsuite name="src/shared/services/backend/common/utils.test.ts" timestamp="2026-02-23T14:47:18.303Z" hostname="Cappuccino" tests="5" failures="0" errors="0" skipped="0" time="0.0071136">
        <testcase classname="src/shared/services/backend/common/utils.test.ts" name="getResponseType &gt; reads type and normalizes case" time="0.0011854">
        </testcase>
        <testcase classname="src/shared/services/backend/common/utils.test.ts" name="getResponseErrorMessage &gt; includes kind and message with file path" time="0.0002713">
        </testcase>
        <testcase classname="src/shared/services/backend/common/utils.test.ts" name="getResponseErrorMessage &gt; returns message without repeating kind" time="0.000155">
        </testcase>
        <testcase classname="src/shared/services/backend/common/utils.test.ts" name="assertSuccess &gt; returns response when not error" time="0.0002452">
        </testcase>
        <testcase classname="src/shared/services/backend/common/utils.test.ts" name="assertSuccess &gt; throws when response is error" time="0.0010058">
        </testcase>
    </testsuite>
    <testsuite name="src/shared/services/backend/health/api.test.ts" timestamp="2026-02-23T14:47:18.304Z" hostname="Cappuccino" tests="3" failures="0" errors="0" skipped="0" time="0.0150776">
        <testcase classname="src/shared/services/backend/health/api.test.ts" name="checkHealth &gt; returns ok when backend is running" time="0.005105">
        </testcase>
        <testcase classname="src/shared/services/backend/health/api.test.ts" name="checkHealth &gt; returns unknown when backend reports not running" time="0.0006552">
        </testcase>
        <testcase classname="src/shared/services/backend/health/api.test.ts" name="checkHealth &gt; throws when backend request fails" time="0.0028679">
        </testcase>
    </testsuite>
</testsuites>
